Command line invocation:
    /Applications/Xcode.app/Contents/Developer/usr/bin/xcodebuild -project WatchGuide-MovieandTVtracker.xcodeproj -scheme WatchGuide-MovieandTVtracker build

Resolve Package Graph


Resolved source packages:
  YouTubePlayerKit: /Volumes/Dev/com.neelmakhecha.milq/UserProjects/WatchGuide-MovieandTVtracker/Frameworks/YouTubePlayerKit @ local

--- xcodebuild: WARNING: Using the first of multiple matching destinations:
{ platform:macOS, arch:arm64, variant:Designed for [iPad,iPhone], id:00008112-000A48C026DBC01E, name:My Mac }
{ platform:iOS, id:dvtdevice-DVTiPhonePlaceholder-iphoneos:placeholder, name:Any iOS Device }
{ platform:iOS Simulator, id:dvtdevice-DVTiOSDeviceSimulatorPlaceholder-iphonesimulator:placeholder, name:Any iOS Simulator Device }
{ platform:tvOS, id:dvtdevice-DVTiOSDevicePlaceholder-appletvos:placeholder, name:Any tvOS Device }
{ platform:tvOS Simulator, id:dvtdevice-DVTiOSDeviceSimulatorPlaceholder-appletvsimulator:placeholder, name:Any tvOS Simulator Device }
{ platform:tvOS Simulator, arch:arm64, id:29438C3A-7A4A-4B7B-BCBD-DC3A5D6C4256, OS:26.2, name:Apple TV }
{ platform:tvOS Simulator, arch:arm64, id:279566C9-1965-40C6-A25F-E9A0BCC5E141, OS:26.2, name:Apple TV 4K (3rd generation) }
{ platform:tvOS Simulator, arch:arm64, id:A30CF24F-DC8B-4020-A142-D25FC96ECC69, OS:26.2, name:Apple TV 4K (3rd generation) (at 1080p) }
{ platform:iOS Simulator, arch:arm64, id:0A0BC97D-FC9A-4059-B435-2647ECAEF681, OS:26.2, name:iPad (A16) }
{ platform:iOS Simulator, arch:arm64, id:532E16B7-89F6-43BD-8B2A-C69F9FA4E715, OS:26.2, name:iPad Air 11-inch (M3) }
{ platform:iOS Simulator, arch:arm64, id:775B0B3A-67DD-4C85-B87B-03CD6E40C40C, OS:26.2, name:iPad Air 13-inch (M3) }
{ platform:iOS Simulator, arch:arm64, id:D0AEAD08-38DB-4692-B2D4-4BED371F588A, OS:26.2, name:iPad Pro 11-inch (M5) }
{ platform:iOS Simulator, arch:arm64, id:D8D9DFC4-637B-43EE-B2CB-F9A8582874B9, OS:26.2, name:iPad Pro 13-inch (M5) }
{ platform:iOS Simulator, arch:arm64, id:AED0FBA0-79DE-4468-B4B2-24F83DE54194, OS:26.2, name:iPad mini (A17 Pro) }
{ platform:iOS Simulator, arch:arm64, id:0A890927-4E1F-4412-B74E-8ED1FBC194A1, OS:26.2, name:iPhone 16e }
{ platform:iOS Simulator, arch:arm64, id:673EF6C5-7531-490E-B003-DD6E5790DCA9, OS:26.2, name:iPhone 17 }
{ platform:iOS Simulator, arch:arm64, id:E4192C2A-39F1-4B97-8724-EC94934DA8CE, OS:26.2, name:iPhone 17 Pro }
{ platform:iOS Simulator, arch:arm64, id:B10925FB-E344-47CC-9965-6456197CB66B, OS:26.2, name:iPhone 17 Pro Max }
{ platform:iOS Simulator, arch:arm64, id:4A77B398-657A-4F35-B423-DC720FB7025C, OS:26.2, name:iPhone Air }
{ platform:tvOS, arch:arm64, id:00008110-000404CA3CF1801E, name:Gaming room (2) }
{ platform:iOS, arch:arm64, id:00008101-001950C91410001E, name:Jason’s iPad Air (2020) }
{ platform:iOS, arch:arm64, id:00008140-000478592EE8801C, name:Jason’s iPhone }
ComputePackagePrebuildTargetDependencyGraph

Prepare packages

CreateBuildRequest

SendProjectDescription

CreateBuildOperation

ComputeTargetDependencyGraph
note: Building targets in dependency order
note: Target dependency graph (4 targets)
    Target 'WatchGuide-MovieandTVtracker' in project 'WatchGuide-MovieandTVtracker'
        ➜ Explicit dependency on target 'WatchGuide-MovieandTVtrackerWidgetExtension' in project 'WatchGuide-MovieandTVtracker'
        ➜ Explicit dependency on target 'YouTubePlayerKit' in project 'YouTubePlayerKit'
    Target 'YouTubePlayerKit' in project 'YouTubePlayerKit'
        ➜ Explicit dependency on target 'YouTubePlayerKit' in project 'YouTubePlayerKit'
    Target 'YouTubePlayerKit' in project 'YouTubePlayerKit' (no dependencies)
    Target 'WatchGuide-MovieandTVtrackerWidgetExtension' in project 'WatchGuide-MovieandTVtracker' (no dependencies)

GatherProvisioningInputs

CreateBuildDescription

ExecuteExternalTool /Applications/Xcode.app/Contents/Developer/Toolchains/XcodeDefault.xctoolchain/usr/bin/clang -v -E -dM -isysroot /Applications/Xcode.app/Contents/Developer/Platforms/iPhoneOS.platform/Developer/SDKs/iPhoneOS26.2.sdk -x c -c /dev/null

ExecuteExternalTool /Applications/Xcode.app/Contents/Developer/Toolchains/XcodeDefault.xctoolchain/usr/bin/swiftc --version

ExecuteExternalTool /Applications/Xcode.app/Contents/Developer/Toolchains/XcodeDefault.xctoolchain/usr/bin/clang -v -E -dM -arch arm64 -isysroot /Applications/Xcode.app/Contents/Developer/Platforms/iPhoneOS.platform/Developer/SDKs/iPhoneOS26.2.sdk -x objective-c -c /dev/null

ExecuteExternalTool /Applications/Xcode.app/Contents/Developer/Toolchains/XcodeDefault.xctoolchain/usr/bin/ld -version_details

ExecuteExternalTool /Applications/Xcode.app/Contents/Developer/Toolchains/XcodeDefault.xctoolchain/usr/bin/clang -v -E -dM -arch arm64 -isysroot /Applications/Xcode.app/Contents/Developer/Platforms/iPhoneOS.platform/Developer/SDKs/iPhoneOS26.2.sdk -x c -c /dev/null

ExecuteExternalTool /Applications/Xcode.app/Contents/Developer/usr/bin/actool --print-asset-tag-combinations --output-format xml1 /Volumes/Dev/com.neelmakhecha.milq/UserProjects/WatchGuide-MovieandTVtracker/WatchGuide-MovieandTVtracker/Assets.xcassets

ReadFileContents /Applications/Xcode.app/Contents/Developer/Toolchains/XcodeDefault.xctoolchain/usr/share/docc/features.json

ExecuteExternalTool /Applications/Xcode.app/Contents/Developer/usr/bin/actool --version --output-format xml1

Build description signature: 37cfd37ca2cf42f2bb69519e5c1384f8
Build description path: /Users/jasonsmith/Library/Developer/Xcode/DerivedData/WatchGuide-MovieandTVtracker-auifrujbgdiqkhgcfpbzpgmswssj/Build/Intermediates.noindex/XCBuildData/37cfd37ca2cf42f2bb69519e5c1384f8.xcbuilddata
ClangStatCache /Applications/Xcode.app/Contents/Developer/Toolchains/XcodeDefault.xctoolchain/usr/bin/clang-stat-cache /Applications/Xcode.app/Contents/Developer/Platforms/iPhoneOS.platform/Developer/SDKs/iPhoneOS26.2.sdk /Users/jasonsmith/Library/Developer/Xcode/DerivedData/SDKStatCaches.noindex/iphoneos26.2-23C57-3794476bd08197c3e2abd9bb477ef7f7.sdkstatcache
    cd /Volumes/Dev/com.neelmakhecha.milq/UserProjects/WatchGuide-MovieandTVtracker/WatchGuide-MovieandTVtracker.xcodeproj
    /Applications/Xcode.app/Contents/Developer/Toolchains/XcodeDefault.xctoolchain/usr/bin/clang-stat-cache /Applications/Xcode.app/Contents/Developer/Platforms/iPhoneOS.platform/Developer/SDKs/iPhoneOS26.2.sdk -o /Users/jasonsmith/Library/Developer/Xcode/DerivedData/SDKStatCaches.noindex/iphoneos26.2-23C57-3794476bd08197c3e2abd9bb477ef7f7.sdkstatcache

ProcessInfoPlistFile /Users/jasonsmith/Library/Developer/Xcode/DerivedData/WatchGuide-MovieandTVtracker-auifrujbgdiqkhgcfpbzpgmswssj/Build/Products/Debug-iphoneos/WatchGuide-MovieandTVtrackerWidgetExtension.appex/Info.plist /Volumes/Dev/com.neelmakhecha.milq/UserProjects/WatchGuide-MovieandTVtracker/WatchGuide-MovieandTVtrackerWidgetExtension/Info.plist (in target 'WatchGuide-MovieandTVtrackerWidgetExtension' from project 'WatchGuide-MovieandTVtracker')
    cd /Volumes/Dev/com.neelmakhecha.milq/UserProjects/WatchGuide-MovieandTVtracker
    builtin-infoPlistUtility /Volumes/Dev/com.neelmakhecha.milq/UserProjects/WatchGuide-MovieandTVtracker/WatchGuide-MovieandTVtrackerWidgetExtension/Info.plist -producttype com.apple.product-type.app-extension -expandbuildsettings -format binary -platform iphoneos -requiredArchitecture arm64 -o /Users/jasonsmith/Library/Developer/Xcode/DerivedData/WatchGuide-MovieandTVtracker-auifrujbgdiqkhgcfpbzpgmswssj/Build/Products/Debug-iphoneos/WatchGuide-MovieandTVtrackerWidgetExtension.appex/Info.plist

SwiftDriver WatchGuide-MovieandTVtracker normal arm64 com.apple.xcode.tools.swift.compiler (in target 'WatchGuide-MovieandTVtracker' from project 'WatchGuide-MovieandTVtracker')
    cd /Volumes/Dev/com.neelmakhecha.milq/UserProjects/WatchGuide-MovieandTVtracker
    builtin-SwiftDriver -- /Applications/Xcode.app/Contents/Developer/Toolchains/XcodeDefault.xctoolchain/usr/bin/swiftc -module-name WatchGuide_MovieandTVtracker -Onone -enforce-exclusivity\=checked @/Users/jasonsmith/Library/Developer/Xcode/DerivedData/WatchGuide-MovieandTVtracker-auifrujbgdiqkhgcfpbzpgmswssj/Build/Intermediates.noindex/WatchGuide-MovieandTVtracker.build/Debug-iphoneos/WatchGuide-MovieandTVtracker.build/Objects-normal/arm64/WatchGuide-MovieandTVtracker.SwiftFileList -DDEBUG -enable-bare-slash-regex -enable-experimental-feature DebugDescriptionMacro -sdk /Applications/Xcode.app/Contents/Developer/Platforms/iPhoneOS.platform/Developer/SDKs/iPhoneOS26.2.sdk -target arm64-apple-ios26.0 -g -module-cache-path /Users/jasonsmith/Library/Developer/Xcode/DerivedData/ModuleCache.noindex -Xfrontend -serialize-debugging-options -enable-testing -index-store-path /Users/jasonsmith/Library/Developer/Xcode/DerivedData/WatchGuide-MovieandTVtracker-auifrujbgdiqkhgcfpbzpgmswssj/Index.noindex/DataStore -Xcc -D_LIBCPP_HARDENING_MODE\=_LIBCPP_HARDENING_MODE_DEBUG -swift-version 5 -I /Users/jasonsmith/Library/Developer/Xcode/DerivedData/WatchGuide-MovieandTVtracker-auifrujbgdiqkhgcfpbzpgmswssj/Build/Products/Debug-iphoneos -F /Users/jasonsmith/Library/Developer/Xcode/DerivedData/WatchGuide-MovieandTVtracker-auifrujbgdiqkhgcfpbzpgmswssj/Build/Products/Debug-iphoneos/PackageFrameworks -F /Users/jasonsmith/Library/Developer/Xcode/DerivedData/WatchGuide-MovieandTVtracker-auifrujbgdiqkhgcfpbzpgmswssj/Build/Products/Debug-iphoneos -emit-localized-strings -emit-localized-strings-path /Users/jasonsmith/Library/Developer/Xcode/DerivedData/WatchGuide-MovieandTVtracker-auifrujbgdiqkhgcfpbzpgmswssj/Build/Intermediates.noindex/WatchGuide-MovieandTVtracker.build/Debug-iphoneos/WatchGuide-MovieandTVtracker.build/Objects-normal/arm64 -c -j8 -enable-batch-mode -incremental -Xcc -ivfsstatcache -Xcc /Users/jasonsmith/Library/Developer/Xcode/DerivedData/SDKStatCaches.noindex/iphoneos26.2-23C57-3794476bd08197c3e2abd9bb477ef7f7.sdkstatcache -output-file-map /Users/jasonsmith/Library/Developer/Xcode/DerivedData/WatchGuide-MovieandTVtracker-auifrujbgdiqkhgcfpbzpgmswssj/Build/Intermediates.noindex/WatchGuide-MovieandTVtracker.build/Debug-iphoneos/WatchGuide-MovieandTVtracker.build/Objects-normal/arm64/WatchGuide-MovieandTVtracker-OutputFileMap.json -use-frontend-parseable-output -save-temps -no-color-diagnostics -explicit-module-build -module-cache-path /Users/jasonsmith/Library/Developer/Xcode/DerivedData/WatchGuide-MovieandTVtracker-auifrujbgdiqkhgcfpbzpgmswssj/Build/Intermediates.noindex/SwiftExplicitPrecompiledModules -clang-scanner-module-cache-path /Users/jasonsmith/Library/Developer/Xcode/DerivedData/ModuleCache.noindex -sdk-module-cache-path /Users/jasonsmith/Library/Developer/Xcode/DerivedData/ModuleCache.noindex -serialize-diagnostics -emit-dependencies -emit-module -emit-module-path /Users/jasonsmith/Library/Developer/Xcode/DerivedData/WatchGuide-MovieandTVtracker-auifrujbgdiqkhgcfpbzpgmswssj/Build/Intermediates.noindex/WatchGuide-MovieandTVtracker.build/Debug-iphoneos/WatchGuide-MovieandTVtracker.build/Objects-normal/arm64/WatchGuide_MovieandTVtracker.swiftmodule -validate-clang-modules-once -clang-build-session-file /Users/jasonsmith/Library/Developer/Xcode/DerivedData/ModuleCache.noindex/Session.modulevalidation -Xcc -I/Users/jasonsmith/Library/Developer/Xcode/DerivedData/WatchGuide-MovieandTVtracker-auifrujbgdiqkhgcfpbzpgmswssj/Build/Intermediates.noindex/WatchGuide-MovieandTVtracker.build/Debug-iphoneos/WatchGuide-MovieandTVtracker.build/swift-overrides.hmap -emit-const-values -Xfrontend -const-gather-protocols-file -Xfrontend /Users/jasonsmith/Library/Developer/Xcode/DerivedData/WatchGuide-MovieandTVtracker-auifrujbgdiqkhgcfpbzpgmswssj/Build/Intermediates.noindex/WatchGuide-MovieandTVtracker.build/Debug-iphoneos/WatchGuide-MovieandTVtracker.build/Objects-normal/arm64/WatchGuide-MovieandTVtracker_const_extract_protocols.json -Xcc -iquote -Xcc /Users/jasonsmith/Library/Developer/Xcode/DerivedData/WatchGuide-MovieandTVtracker-auifrujbgdiqkhgcfpbzpgmswssj/Build/Intermediates.noindex/WatchGuide-MovieandTVtracker.build/Debug-iphoneos/WatchGuide-MovieandTVtracker.build/WatchGuide-MovieandTVtracker-generated-files.hmap -Xcc -I/Users/jasonsmith/Library/Developer/Xcode/DerivedData/WatchGuide-MovieandTVtracker-auifrujbgdiqkhgcfpbzpgmswssj/Build/Intermediates.noindex/WatchGuide-MovieandTVtracker.build/Debug-iphoneos/WatchGuide-MovieandTVtracker.build/WatchGuide-MovieandTVtracker-own-target-headers.hmap -Xcc -I/Users/jasonsmith/Library/Developer/Xcode/DerivedData/WatchGuide-MovieandTVtracker-auifrujbgdiqkhgcfpbzpgmswssj/Build/Intermediates.noindex/WatchGuide-MovieandTVtracker.build/Debug-iphoneos/WatchGuide-MovieandTVtracker.build/WatchGuide-MovieandTVtracker-all-non-framework-target-headers.hmap -Xcc -ivfsoverlay -Xcc /Users/jasonsmith/Library/Developer/Xcode/DerivedData/WatchGuide-MovieandTVtracker-auifrujbgdiqkhgcfpbzpgmswssj/Build/Intermediates.noindex/WatchGuide-MovieandTVtracker.build/Debug-iphoneos/WatchGuide-MovieandTVtracker-7ed0cdb4d06faf7b250a10fab486dc31-VFS-iphoneos/all-product-headers.yaml -Xcc -iquote -Xcc /Users/jasonsmith/Library/Developer/Xcode/DerivedData/WatchGuide-MovieandTVtracker-auifrujbgdiqkhgcfpbzpgmswssj/Build/Intermediates.noindex/WatchGuide-MovieandTVtracker.build/Debug-iphoneos/WatchGuide-MovieandTVtracker.build/WatchGuide-MovieandTVtracker-project-headers.hmap -Xcc -I/Users/jasonsmith/Library/Developer/Xcode/DerivedData/WatchGuide-MovieandTVtracker-auifrujbgdiqkhgcfpbzpgmswssj/Build/Products/Debug-iphoneos/include -Xcc -I/Users/jasonsmith/Library/Developer/Xcode/DerivedData/WatchGuide-MovieandTVtracker-auifrujbgdiqkhgcfpbzpgmswssj/Build/Intermediates.noindex/WatchGuide-MovieandTVtracker.build/Debug-iphoneos/WatchGuide-MovieandTVtracker.build/DerivedSources-normal/arm64 -Xcc -I/Users/jasonsmith/Library/Developer/Xcode/DerivedData/WatchGuide-MovieandTVtracker-auifrujbgdiqkhgcfpbzpgmswssj/Build/Intermediates.noindex/WatchGuide-MovieandTVtracker.build/Debug-iphoneos/WatchGuide-MovieandTVtracker.build/DerivedSources/arm64 -Xcc -I/Users/jasonsmith/Library/Developer/Xcode/DerivedData/WatchGuide-MovieandTVtracker-auifrujbgdiqkhgcfpbzpgmswssj/Build/Intermediates.noindex/WatchGuide-MovieandTVtracker.build/Debug-iphoneos/WatchGuide-MovieandTVtracker.build/DerivedSources -Xcc -DDEBUG\=1 -emit-objc-header -emit-objc-header-path /Users/jasonsmith/Library/Developer/Xcode/DerivedData/WatchGuide-MovieandTVtracker-auifrujbgdiqkhgcfpbzpgmswssj/Build/Intermediates.noindex/WatchGuide-MovieandTVtracker.build/Debug-iphoneos/WatchGuide-MovieandTVtracker.build/Objects-normal/arm64/WatchGuide_MovieandTVtracker-Swift.h -import-objc-header /Volumes/Dev/com.neelmakhecha.milq/UserProjects/WatchGuide-MovieandTVtracker/WatchGuide-MovieandTVtracker/Support/WatchGuide-MovieandTVtracker-Bridging-Header.h -working-directory /Volumes/Dev/com.neelmakhecha.milq/UserProjects/WatchGuide-MovieandTVtracker -experimental-emit-module-separately -disable-cmo

SwiftGeneratePch normal arm64 Compiling\ bridging\ header (in target 'WatchGuide-MovieandTVtracker' from project 'WatchGuide-MovieandTVtracker')

SwiftDriverJobDiscovery normal arm64 Compiling bridging header (in target 'WatchGuide-MovieandTVtracker' from project 'WatchGuide-MovieandTVtracker')

SwiftEmitModule normal arm64 Emitting\ module\ for\ WatchGuide_MovieandTVtracker (in target 'WatchGuide-MovieandTVtracker' from project 'WatchGuide-MovieandTVtracker')

EmitSwiftModule normal arm64 (in target 'WatchGuide-MovieandTVtracker' from project 'WatchGuide-MovieandTVtracker')
    cd /Volumes/Dev/com.neelmakhecha.milq/UserProjects/WatchGuide-MovieandTVtracker
    
/Volumes/Dev/com.neelmakhecha.milq/UserProjects/WatchGuide-MovieandTVtracker/WatchGuide-MovieandTVtracker/Views/AIAssistantView.swift:1351:17: warning: stored property '_resolve' of 'Sendable'-conforming struct 'AnyShapeStyle' has non-Sendable type '(inout EnvironmentValues) -> Color'; this is an error in the Swift 6 language mode
    private let _resolve: (inout EnvironmentValues) -> Color
                ^
/Volumes/Dev/com.neelmakhecha.milq/UserProjects/WatchGuide-MovieandTVtracker/WatchGuide-MovieandTVtracker/Views/AIAssistantView.swift:1351:17: note: a function type must be marked '@Sendable' to conform to 'Sendable'
    private let _resolve: (inout EnvironmentValues) -> Color
                ^
/Volumes/Dev/com.neelmakhecha.milq/UserProjects/WatchGuide-MovieandTVtracker/WatchGuide-MovieandTVtracker/Views/BoxOfficeCinemaSelectorView.swift:65:28: warning: 'CLGeocoder' was deprecated in iOS 26.0: Use MapKit
    private let geocoder = CLGeocoder()
                           ^
/Volumes/Dev/com.neelmakhecha.milq/UserProjects/WatchGuide-MovieandTVtracker/WatchGuide-MovieandTVtracker/Views/BoxOfficeCinemaSelectorView.swift:37:77: warning: conformance of 'BoxOfficeLocationViewModel' to protocol 'CLLocationManagerDelegate' crosses into main actor-isolated code and can cause data races; this is an error in the Swift 6 language mode
private final class BoxOfficeLocationViewModel: NSObject, ObservableObject, CLLocationManagerDelegate {
                                                                            ^
/Volumes/Dev/com.neelmakhecha.milq/UserProjects/WatchGuide-MovieandTVtracker/WatchGuide-MovieandTVtracker/Views/BoxOfficeCinemaSelectorView.swift:37:77: note: isolate this conformance to the main actor with '@MainActor'
private final class BoxOfficeLocationViewModel: NSObject, ObservableObject, CLLocationManagerDelegate {
                                                                            ^
                                                                            @MainActor 
/Volumes/Dev/com.neelmakhecha.milq/UserProjects/WatchGuide-MovieandTVtracker/WatchGuide-MovieandTVtracker/Views/BoxOfficeCinemaSelectorView.swift:37:21: note: mark all declarations used in the conformance 'nonisolated'
private final class BoxOfficeLocationViewModel: NSObject, ObservableObject, CLLocationManagerDelegate {
                    ^
/Volumes/Dev/com.neelmakhecha.milq/UserProjects/WatchGuide-MovieandTVtracker/WatchGuide-MovieandTVtracker/Views/BoxOfficeCinemaSelectorView.swift:37:77: note: turn data races into runtime errors with '@preconcurrency'
private final class BoxOfficeLocationViewModel: NSObject, ObservableObject, CLLocationManagerDelegate {
                                                                            ^
                                                                            @preconcurrency 
/Volumes/Dev/com.neelmakhecha.milq/UserProjects/WatchGuide-MovieandTVtracker/WatchGuide-MovieandTVtracker/Views/BoxOfficeCinemaSelectorView.swift:112:10: note: main actor-isolated instance method 'locationManager(_:didUpdateLocations:)' cannot satisfy nonisolated requirement
    func locationManager(_ manager: CLLocationManager, didUpdateLocations locations: [CLLocation]) {
         ^
/Volumes/Dev/com.neelmakhecha.milq/UserProjects/WatchGuide-MovieandTVtracker/WatchGuide-MovieandTVtracker/Views/BoxOfficeCinemaSelectorView.swift:118:10: note: main actor-isolated instance method 'locationManager(_:didFailWithError:)' cannot satisfy nonisolated requirement
    func locationManager(_ manager: CLLocationManager, didFailWithError error: Error) {
         ^
/Volumes/Dev/com.neelmakhecha.milq/UserProjects/WatchGuide-MovieandTVtracker/WatchGuide-MovieandTVtracker/Views/BoxOfficeCinemaSelectorView.swift:97:10: note: main actor-isolated instance method 'locationManagerDidChangeAuthorization' cannot satisfy nonisolated requirement
    func locationManagerDidChangeAuthorization(_ manager: CLLocationManager) {
         ^
/Volumes/Dev/com.neelmakhecha.milq/UserProjects/WatchGuide-MovieandTVtracker/WatchGuide-MovieandTVtracker/Views/CinemaTripPlannerView.swift:697:72: warning: conformance of 'TripLocationViewModel' to protocol 'CLLocationManagerDelegate' crosses into main actor-isolated code and can cause data races; this is an error in the Swift 6 language mode
private final class TripLocationViewModel: NSObject, ObservableObject, CLLocationManagerDelegate {
                                                                       ^
/Volumes/Dev/com.neelmakhecha.milq/UserProjects/WatchGuide-MovieandTVtracker/WatchGuide-MovieandTVtracker/Views/CinemaTripPlannerView.swift:697:72: note: isolate this conformance to the main actor with '@MainActor'
private final class TripLocationViewModel: NSObject, ObservableObject, CLLocationManagerDelegate {
                                                                       ^
                                                                       @MainActor 
/Volumes/Dev/com.neelmakhecha.milq/UserProjects/WatchGuide-MovieandTVtracker/WatchGuide-MovieandTVtracker/Views/CinemaTripPlannerView.swift:697:21: note: mark all declarations used in the conformance 'nonisolated'
private final class TripLocationViewModel: NSObject, ObservableObject, CLLocationManagerDelegate {
                    ^
/Volumes/Dev/com.neelmakhecha.milq/UserProjects/WatchGuide-MovieandTVtracker/WatchGuide-MovieandTVtracker/Views/CinemaTripPlannerView.swift:697:72: note: turn data races into runtime errors with '@preconcurrency'
private final class TripLocationViewModel: NSObject, ObservableObject, CLLocationManagerDelegate {
                                                                       ^
                                                                       @preconcurrency 
/Volumes/Dev/com.neelmakhecha.milq/UserProjects/WatchGuide-MovieandTVtracker/WatchGuide-MovieandTVtracker/Views/CinemaTripPlannerView.swift:734:10: note: main actor-isolated instance method 'locationManager(_:didUpdateLocations:)' cannot satisfy nonisolated requirement
    func locationManager(_ manager: CLLocationManager, didUpdateLocations locations: [CLLocation]) {
         ^
/Volumes/Dev/com.neelmakhecha.milq/UserProjects/WatchGuide-MovieandTVtracker/WatchGuide-MovieandTVtracker/Views/CinemaTripPlannerView.swift:738:10: note: main actor-isolated instance method 'locationManager(_:didFailWithError:)' cannot satisfy nonisolated requirement
    func locationManager(_ manager: CLLocationManager, didFailWithError error: Error) {
         ^
/Volumes/Dev/com.neelmakhecha.milq/UserProjects/WatchGuide-MovieandTVtracker/WatchGuide-MovieandTVtracker/Views/CinemaTripPlannerView.swift:719:10: note: main actor-isolated instance method 'locationManagerDidChangeAuthorization' cannot satisfy nonisolated requirement
    func locationManagerDidChangeAuthorization(_ manager: CLLocationManager) {
         ^

SwiftCompile normal arm64 Compiling\ PixarHubView.swift /Volumes/Dev/com.neelmakhecha.milq/UserProjects/WatchGuide-MovieandTVtracker/WatchGuide-MovieandTVtracker/Views/PixarHubView.swift (in target 'WatchGuide-MovieandTVtracker' from project 'WatchGuide-MovieandTVtracker')

SwiftCompile normal arm64 /Volumes/Dev/com.neelmakhecha.milq/UserProjects/WatchGuide-MovieandTVtracker/WatchGuide-MovieandTVtracker/Views/PixarHubView.swift (in target 'WatchGuide-MovieandTVtracker' from project 'WatchGuide-MovieandTVtracker')
    cd /Volumes/Dev/com.neelmakhecha.milq/UserProjects/WatchGuide-MovieandTVtracker
    

SwiftCompile normal arm64 Compiling\ DCHubView.swift /Volumes/Dev/com.neelmakhecha.milq/UserProjects/WatchGuide-MovieandTVtracker/WatchGuide-MovieandTVtracker/Views/DCHubView.swift (in target 'WatchGuide-MovieandTVtracker' from project 'WatchGuide-MovieandTVtracker')

SwiftCompile normal arm64 /Volumes/Dev/com.neelmakhecha.milq/UserProjects/WatchGuide-MovieandTVtracker/WatchGuide-MovieandTVtracker/Views/DCHubView.swift (in target 'WatchGuide-MovieandTVtracker' from project 'WatchGuide-MovieandTVtracker')
    cd /Volumes/Dev/com.neelmakhecha.milq/UserProjects/WatchGuide-MovieandTVtracker
    

SwiftCompile normal arm64 Compiling\ ImmersiveHubLayout.swift /Volumes/Dev/com.neelmakhecha.milq/UserProjects/WatchGuide-MovieandTVtracker/WatchGuide-MovieandTVtracker/Views/Components/ImmersiveHubLayout.swift (in target 'WatchGuide-MovieandTVtracker' from project 'WatchGuide-MovieandTVtracker')

SwiftCompile normal arm64 /Volumes/Dev/com.neelmakhecha.milq/UserProjects/WatchGuide-MovieandTVtracker/WatchGuide-MovieandTVtracker/Views/Components/ImmersiveHubLayout.swift (in target 'WatchGuide-MovieandTVtracker' from project 'WatchGuide-MovieandTVtracker')
    cd /Volumes/Dev/com.neelmakhecha.milq/UserProjects/WatchGuide-MovieandTVtracker
    

SwiftCompile normal arm64 Compiling\ MarvelHubView.swift /Volumes/Dev/com.neelmakhecha.milq/UserProjects/WatchGuide-MovieandTVtracker/WatchGuide-MovieandTVtracker/Views/MarvelHubView.swift (in target 'WatchGuide-MovieandTVtracker' from project 'WatchGuide-MovieandTVtracker')

SwiftCompile normal arm64 /Volumes/Dev/com.neelmakhecha.milq/UserProjects/WatchGuide-MovieandTVtracker/WatchGuide-MovieandTVtracker/Views/MarvelHubView.swift (in target 'WatchGuide-MovieandTVtracker' from project 'WatchGuide-MovieandTVtracker')
    cd /Volumes/Dev/com.neelmakhecha.milq/UserProjects/WatchGuide-MovieandTVtracker
    

SwiftCompile normal arm64 Compiling\ BrowseView.swift /Volumes/Dev/com.neelmakhecha.milq/UserProjects/WatchGuide-MovieandTVtracker/WatchGuide-MovieandTVtracker/Views/BrowseView.swift (in target 'WatchGuide-MovieandTVtracker' from project 'WatchGuide-MovieandTVtracker')
SwiftCompile normal arm64 /Volumes/Dev/com.neelmakhecha.milq/UserProjects/WatchGuide-MovieandTVtracker/WatchGuide-MovieandTVtracker/Views/BrowseView.swift (in target 'WatchGuide-MovieandTVtracker' from project 'WatchGuide-MovieandTVtracker')
    cd /Volumes/Dev/com.neelmakhecha.milq/UserProjects/WatchGuide-MovieandTVtracker
    

SwiftDriverJobDiscovery normal arm64 Compiling PixarHubView.swift (in target 'WatchGuide-MovieandTVtracker' from project 'WatchGuide-MovieandTVtracker')

SwiftDriverJobDiscovery normal arm64 Compiling MarvelHubView.swift (in target 'WatchGuide-MovieandTVtracker' from project 'WatchGuide-MovieandTVtracker')

SwiftDriverJobDiscovery normal arm64 Compiling DCHubView.swift (in target 'WatchGuide-MovieandTVtracker' from project 'WatchGuide-MovieandTVtracker')

SwiftDriverJobDiscovery normal arm64 Compiling ImmersiveHubLayout.swift (in target 'WatchGuide-MovieandTVtracker' from project 'WatchGuide-MovieandTVtracker')

SwiftDriverJobDiscovery normal arm64 Emitting module for WatchGuide_MovieandTVtracker (in target 'WatchGuide-MovieandTVtracker' from project 'WatchGuide-MovieandTVtracker')

SwiftDriver\ Compilation\ Requirements WatchGuide-MovieandTVtracker normal arm64 com.apple.xcode.tools.swift.compiler (in target 'WatchGuide-MovieandTVtracker' from project 'WatchGuide-MovieandTVtracker')
    cd /Volumes/Dev/com.neelmakhecha.milq/UserProjects/WatchGuide-MovieandTVtracker
    builtin-Swift-Compilation-Requirements -- /Applications/Xcode.app/Contents/Developer/Toolchains/XcodeDefault.xctoolchain/usr/bin/swiftc -module-name WatchGuide_MovieandTVtracker -Onone -enforce-exclusivity\=checked @/Users/jasonsmith/Library/Developer/Xcode/DerivedData/WatchGuide-MovieandTVtracker-auifrujbgdiqkhgcfpbzpgmswssj/Build/Intermediates.noindex/WatchGuide-MovieandTVtracker.build/Debug-iphoneos/WatchGuide-MovieandTVtracker.build/Objects-normal/arm64/WatchGuide-MovieandTVtracker.SwiftFileList -DDEBUG -enable-bare-slash-regex -enable-experimental-feature DebugDescriptionMacro -sdk /Applications/Xcode.app/Contents/Developer/Platforms/iPhoneOS.platform/Developer/SDKs/iPhoneOS26.2.sdk -target arm64-apple-ios26.0 -g -module-cache-path /Users/jasonsmith/Library/Developer/Xcode/DerivedData/ModuleCache.noindex -Xfrontend -serialize-debugging-options -enable-testing -index-store-path /Users/jasonsmith/Library/Developer/Xcode/DerivedData/WatchGuide-MovieandTVtracker-auifrujbgdiqkhgcfpbzpgmswssj/Index.noindex/DataStore -Xcc -D_LIBCPP_HARDENING_MODE\=_LIBCPP_HARDENING_MODE_DEBUG -swift-version 5 -I /Users/jasonsmith/Library/Developer/Xcode/DerivedData/WatchGuide-MovieandTVtracker-auifrujbgdiqkhgcfpbzpgmswssj/Build/Products/Debug-iphoneos -F /Users/jasonsmith/Library/Developer/Xcode/DerivedData/WatchGuide-MovieandTVtracker-auifrujbgdiqkhgcfpbzpgmswssj/Build/Products/Debug-iphoneos/PackageFrameworks -F /Users/jasonsmith/Library/Developer/Xcode/DerivedData/WatchGuide-MovieandTVtracker-auifrujbgdiqkhgcfpbzpgmswssj/Build/Products/Debug-iphoneos -emit-localized-strings -emit-localized-strings-path /Users/jasonsmith/Library/Developer/Xcode/DerivedData/WatchGuide-MovieandTVtracker-auifrujbgdiqkhgcfpbzpgmswssj/Build/Intermediates.noindex/WatchGuide-MovieandTVtracker.build/Debug-iphoneos/WatchGuide-MovieandTVtracker.build/Objects-normal/arm64 -c -j8 -enable-batch-mode -incremental -Xcc -ivfsstatcache -Xcc /Users/jasonsmith/Library/Developer/Xcode/DerivedData/SDKStatCaches.noindex/iphoneos26.2-23C57-3794476bd08197c3e2abd9bb477ef7f7.sdkstatcache -output-file-map /Users/jasonsmith/Library/Developer/Xcode/DerivedData/WatchGuide-MovieandTVtracker-auifrujbgdiqkhgcfpbzpgmswssj/Build/Intermediates.noindex/WatchGuide-MovieandTVtracker.build/Debug-iphoneos/WatchGuide-MovieandTVtracker.build/Objects-normal/arm64/WatchGuide-MovieandTVtracker-OutputFileMap.json -use-frontend-parseable-output -save-temps -no-color-diagnostics -explicit-module-build -module-cache-path /Users/jasonsmith/Library/Developer/Xcode/DerivedData/WatchGuide-MovieandTVtracker-auifrujbgdiqkhgcfpbzpgmswssj/Build/Intermediates.noindex/SwiftExplicitPrecompiledModules -clang-scanner-module-cache-path /Users/jasonsmith/Library/Developer/Xcode/DerivedData/ModuleCache.noindex -sdk-module-cache-path /Users/jasonsmith/Library/Developer/Xcode/DerivedData/ModuleCache.noindex -serialize-diagnostics -emit-dependencies -emit-module -emit-module-path /Users/jasonsmith/Library/Developer/Xcode/DerivedData/WatchGuide-MovieandTVtracker-auifrujbgdiqkhgcfpbzpgmswssj/Build/Intermediates.noindex/WatchGuide-MovieandTVtracker.build/Debug-iphoneos/WatchGuide-MovieandTVtracker.build/Objects-normal/arm64/WatchGuide_MovieandTVtracker.swiftmodule -validate-clang-modules-once -clang-build-session-file /Users/jasonsmith/Library/Developer/Xcode/DerivedData/ModuleCache.noindex/Session.modulevalidation -Xcc -I/Users/jasonsmith/Library/Developer/Xcode/DerivedData/WatchGuide-MovieandTVtracker-auifrujbgdiqkhgcfpbzpgmswssj/Build/Intermediates.noindex/WatchGuide-MovieandTVtracker.build/Debug-iphoneos/WatchGuide-MovieandTVtracker.build/swift-overrides.hmap -emit-const-values -Xfrontend -const-gather-protocols-file -Xfrontend /Users/jasonsmith/Library/Developer/Xcode/DerivedData/WatchGuide-MovieandTVtracker-auifrujbgdiqkhgcfpbzpgmswssj/Build/Intermediates.noindex/WatchGuide-MovieandTVtracker.build/Debug-iphoneos/WatchGuide-MovieandTVtracker.build/Objects-normal/arm64/WatchGuide-MovieandTVtracker_const_extract_protocols.json -Xcc -iquote -Xcc /Users/jasonsmith/Library/Developer/Xcode/DerivedData/WatchGuide-MovieandTVtracker-auifrujbgdiqkhgcfpbzpgmswssj/Build/Intermediates.noindex/WatchGuide-MovieandTVtracker.build/Debug-iphoneos/WatchGuide-MovieandTVtracker.build/WatchGuide-MovieandTVtracker-generated-files.hmap -Xcc -I/Users/jasonsmith/Library/Developer/Xcode/DerivedData/WatchGuide-MovieandTVtracker-auifrujbgdiqkhgcfpbzpgmswssj/Build/Intermediates.noindex/WatchGuide-MovieandTVtracker.build/Debug-iphoneos/WatchGuide-MovieandTVtracker.build/WatchGuide-MovieandTVtracker-own-target-headers.hmap -Xcc -I/Users/jasonsmith/Library/Developer/Xcode/DerivedData/WatchGuide-MovieandTVtracker-auifrujbgdiqkhgcfpbzpgmswssj/Build/Intermediates.noindex/WatchGuide-MovieandTVtracker.build/Debug-iphoneos/WatchGuide-MovieandTVtracker.build/WatchGuide-MovieandTVtracker-all-non-framework-target-headers.hmap -Xcc -ivfsoverlay -Xcc /Users/jasonsmith/Library/Developer/Xcode/DerivedData/WatchGuide-MovieandTVtracker-auifrujbgdiqkhgcfpbzpgmswssj/Build/Intermediates.noindex/WatchGuide-MovieandTVtracker.build/Debug-iphoneos/WatchGuide-MovieandTVtracker-7ed0cdb4d06faf7b250a10fab486dc31-VFS-iphoneos/all-product-headers.yaml -Xcc -iquote -Xcc /Users/jasonsmith/Library/Developer/Xcode/DerivedData/WatchGuide-MovieandTVtracker-auifrujbgdiqkhgcfpbzpgmswssj/Build/Intermediates.noindex/WatchGuide-MovieandTVtracker.build/Debug-iphoneos/WatchGuide-MovieandTVtracker.build/WatchGuide-MovieandTVtracker-project-headers.hmap -Xcc -I/Users/jasonsmith/Library/Developer/Xcode/DerivedData/WatchGuide-MovieandTVtracker-auifrujbgdiqkhgcfpbzpgmswssj/Build/Products/Debug-iphoneos/include -Xcc -I/Users/jasonsmith/Library/Developer/Xcode/DerivedData/WatchGuide-MovieandTVtracker-auifrujbgdiqkhgcfpbzpgmswssj/Build/Intermediates.noindex/WatchGuide-MovieandTVtracker.build/Debug-iphoneos/WatchGuide-MovieandTVtracker.build/DerivedSources-normal/arm64 -Xcc -I/Users/jasonsmith/Library/Developer/Xcode/DerivedData/WatchGuide-MovieandTVtracker-auifrujbgdiqkhgcfpbzpgmswssj/Build/Intermediates.noindex/WatchGuide-MovieandTVtracker.build/Debug-iphoneos/WatchGuide-MovieandTVtracker.build/DerivedSources/arm64 -Xcc -I/Users/jasonsmith/Library/Developer/Xcode/DerivedData/WatchGuide-MovieandTVtracker-auifrujbgdiqkhgcfpbzpgmswssj/Build/Intermediates.noindex/WatchGuide-MovieandTVtracker.build/Debug-iphoneos/WatchGuide-MovieandTVtracker.build/DerivedSources -Xcc -DDEBUG\=1 -emit-objc-header -emit-objc-header-path /Users/jasonsmith/Library/Developer/Xcode/DerivedData/WatchGuide-MovieandTVtracker-auifrujbgdiqkhgcfpbzpgmswssj/Build/Intermediates.noindex/WatchGuide-MovieandTVtracker.build/Debug-iphoneos/WatchGuide-MovieandTVtracker.build/Objects-normal/arm64/WatchGuide_MovieandTVtracker-Swift.h -import-objc-header /Volumes/Dev/com.neelmakhecha.milq/UserProjects/WatchGuide-MovieandTVtracker/WatchGuide-MovieandTVtracker/Support/WatchGuide-MovieandTVtracker-Bridging-Header.h -working-directory /Volumes/Dev/com.neelmakhecha.milq/UserProjects/WatchGuide-MovieandTVtracker -experimental-emit-module-separately -disable-cmo

Copy /Users/jasonsmith/Library/Developer/Xcode/DerivedData/WatchGuide-MovieandTVtracker-auifrujbgdiqkhgcfpbzpgmswssj/Build/Products/Debug-iphoneos/WatchGuide_MovieandTVtracker.swiftmodule/arm64-apple-ios.abi.json /Users/jasonsmith/Library/Developer/Xcode/DerivedData/WatchGuide-MovieandTVtracker-auifrujbgdiqkhgcfpbzpgmswssj/Build/Intermediates.noindex/WatchGuide-MovieandTVtracker.build/Debug-iphoneos/WatchGuide-MovieandTVtracker.build/Objects-normal/arm64/WatchGuide_MovieandTVtracker.abi.json (in target 'WatchGuide-MovieandTVtracker' from project 'WatchGuide-MovieandTVtracker')
    cd /Volumes/Dev/com.neelmakhecha.milq/UserProjects/WatchGuide-MovieandTVtracker
    builtin-copy -exclude .DS_Store -exclude CVS -exclude .svn -exclude .git -exclude .hg -resolve-src-symlinks -rename /Users/jasonsmith/Library/Developer/Xcode/DerivedData/WatchGuide-MovieandTVtracker-auifrujbgdiqkhgcfpbzpgmswssj/Build/Intermediates.noindex/WatchGuide-MovieandTVtracker.build/Debug-iphoneos/WatchGuide-MovieandTVtracker.build/Objects-normal/arm64/WatchGuide_MovieandTVtracker.abi.json /Users/jasonsmith/Library/Developer/Xcode/DerivedData/WatchGuide-MovieandTVtracker-auifrujbgdiqkhgcfpbzpgmswssj/Build/Products/Debug-iphoneos/WatchGuide_MovieandTVtracker.swiftmodule/arm64-apple-ios.abi.json

Copy /Users/jasonsmith/Library/Developer/Xcode/DerivedData/WatchGuide-MovieandTVtracker-auifrujbgdiqkhgcfpbzpgmswssj/Build/Products/Debug-iphoneos/WatchGuide_MovieandTVtracker.swiftmodule/arm64-apple-ios.swiftmodule /Users/jasonsmith/Library/Developer/Xcode/DerivedData/WatchGuide-MovieandTVtracker-auifrujbgdiqkhgcfpbzpgmswssj/Build/Intermediates.noindex/WatchGuide-MovieandTVtracker.build/Debug-iphoneos/WatchGuide-MovieandTVtracker.build/Objects-normal/arm64/WatchGuide_MovieandTVtracker.swiftmodule (in target 'WatchGuide-MovieandTVtracker' from project 'WatchGuide-MovieandTVtracker')
    cd /Volumes/Dev/com.neelmakhecha.milq/UserProjects/WatchGuide-MovieandTVtracker
    builtin-copy -exclude .DS_Store -exclude CVS -exclude .svn -exclude .git -exclude .hg -resolve-src-symlinks -rename /Users/jasonsmith/Library/Developer/Xcode/DerivedData/WatchGuide-MovieandTVtracker-auifrujbgdiqkhgcfpbzpgmswssj/Build/Intermediates.noindex/WatchGuide-MovieandTVtracker.build/Debug-iphoneos/WatchGuide-MovieandTVtracker.build/Objects-normal/arm64/WatchGuide_MovieandTVtracker.swiftmodule /Users/jasonsmith/Library/Developer/Xcode/DerivedData/WatchGuide-MovieandTVtracker-auifrujbgdiqkhgcfpbzpgmswssj/Build/Products/Debug-iphoneos/WatchGuide_MovieandTVtracker.swiftmodule/arm64-apple-ios.swiftmodule

Copy /Users/jasonsmith/Library/Developer/Xcode/DerivedData/WatchGuide-MovieandTVtracker-auifrujbgdiqkhgcfpbzpgmswssj/Build/Products/Debug-iphoneos/WatchGuide_MovieandTVtracker.swiftmodule/Project/arm64-apple-ios.swiftsourceinfo /Users/jasonsmith/Library/Developer/Xcode/DerivedData/WatchGuide-MovieandTVtracker-auifrujbgdiqkhgcfpbzpgmswssj/Build/Intermediates.noindex/WatchGuide-MovieandTVtracker.build/Debug-iphoneos/WatchGuide-MovieandTVtracker.build/Objects-normal/arm64/WatchGuide_MovieandTVtracker.swiftsourceinfo (in target 'WatchGuide-MovieandTVtracker' from project 'WatchGuide-MovieandTVtracker')
    cd /Volumes/Dev/com.neelmakhecha.milq/UserProjects/WatchGuide-MovieandTVtracker
    builtin-copy -exclude .DS_Store -exclude CVS -exclude .svn -exclude .git -exclude .hg -resolve-src-symlinks -rename /Users/jasonsmith/Library/Developer/Xcode/DerivedData/WatchGuide-MovieandTVtracker-auifrujbgdiqkhgcfpbzpgmswssj/Build/Intermediates.noindex/WatchGuide-MovieandTVtracker.build/Debug-iphoneos/WatchGuide-MovieandTVtracker.build/Objects-normal/arm64/WatchGuide_MovieandTVtracker.swiftsourceinfo /Users/jasonsmith/Library/Developer/Xcode/DerivedData/WatchGuide-MovieandTVtracker-auifrujbgdiqkhgcfpbzpgmswssj/Build/Products/Debug-iphoneos/WatchGuide_MovieandTVtracker.swiftmodule/Project/arm64-apple-ios.swiftsourceinfo

SwiftDriverJobDiscovery normal arm64 Compiling BrowseView.swift (in target 'WatchGuide-MovieandTVtracker' from project 'WatchGuide-MovieandTVtracker')

SwiftCompile normal arm64 Compiling\ MediaDetailView.swift /Volumes/Dev/com.neelmakhecha.milq/UserProjects/WatchGuide-MovieandTVtracker/WatchGuide-MovieandTVtracker/Views/MediaDetailView.swift (in target 'WatchGuide-MovieandTVtracker' from project 'WatchGuide-MovieandTVtracker')

SwiftCompile normal arm64 /Volumes/Dev/com.neelmakhecha.milq/UserProjects/WatchGuide-MovieandTVtracker/WatchGuide-MovieandTVtracker/Views/MediaDetailView.swift (in target 'WatchGuide-MovieandTVtracker' from project 'WatchGuide-MovieandTVtracker')
    cd /Volumes/Dev/com.neelmakhecha.milq/UserProjects/WatchGuide-MovieandTVtracker
    
/Volumes/Dev/com.neelmakhecha.milq/UserProjects/WatchGuide-MovieandTVtracker/WatchGuide-MovieandTVtracker/Views/MediaDetailView.swift:826:20: warning: 'preferredControlTintColor' was deprecated in iOS 26.0: Tinting the controls interferes with background effects that the system provides.
        controller.preferredControlTintColor = .white
                   ^
/Volumes/Dev/com.neelmakhecha.milq/UserProjects/WatchGuide-MovieandTVtracker/WatchGuide-MovieandTVtracker/Views/MediaDetailView.swift:362:9: warning: code after 'return' will never be executed
        if let externalURL = TrailerExternalPlayerLinkResolver.externalPlaybackURL(for: trailer) {
        ^

SwiftDriverJobDiscovery normal arm64 Compiling MediaDetailView.swift (in target 'WatchGuide-MovieandTVtracker' from project 'WatchGuide-MovieandTVtracker')

SwiftDriver\ Compilation WatchGuide-MovieandTVtracker normal arm64 com.apple.xcode.tools.swift.compiler (in target 'WatchGuide-MovieandTVtracker' from project 'WatchGuide-MovieandTVtracker')
    cd /Volumes/Dev/com.neelmakhecha.milq/UserProjects/WatchGuide-MovieandTVtracker
    builtin-Swift-Compilation -- /Applications/Xcode.app/Contents/Developer/Toolchains/XcodeDefault.xctoolchain/usr/bin/swiftc -module-name WatchGuide_MovieandTVtracker -Onone -enforce-exclusivity\=checked @/Users/jasonsmith/Library/Developer/Xcode/DerivedData/WatchGuide-MovieandTVtracker-auifrujbgdiqkhgcfpbzpgmswssj/Build/Intermediates.noindex/WatchGuide-MovieandTVtracker.build/Debug-iphoneos/WatchGuide-MovieandTVtracker.build/Objects-normal/arm64/WatchGuide-MovieandTVtracker.SwiftFileList -DDEBUG -enable-bare-slash-regex -enable-experimental-feature DebugDescriptionMacro -sdk /Applications/Xcode.app/Contents/Developer/Platforms/iPhoneOS.platform/Developer/SDKs/iPhoneOS26.2.sdk -target arm64-apple-ios26.0 -g -module-cache-path /Users/jasonsmith/Library/Developer/Xcode/DerivedData/ModuleCache.noindex -Xfrontend -serialize-debugging-options -enable-testing -index-store-path /Users/jasonsmith/Library/Developer/Xcode/DerivedData/WatchGuide-MovieandTVtracker-auifrujbgdiqkhgcfpbzpgmswssj/Index.noindex/DataStore -Xcc -D_LIBCPP_HARDENING_MODE\=_LIBCPP_HARDENING_MODE_DEBUG -swift-version 5 -I /Users/jasonsmith/Library/Developer/Xcode/DerivedData/WatchGuide-MovieandTVtracker-auifrujbgdiqkhgcfpbzpgmswssj/Build/Products/Debug-iphoneos -F /Users/jasonsmith/Library/Developer/Xcode/DerivedData/WatchGuide-MovieandTVtracker-auifrujbgdiqkhgcfpbzpgmswssj/Build/Products/Debug-iphoneos/PackageFrameworks -F /Users/jasonsmith/Library/Developer/Xcode/DerivedData/WatchGuide-MovieandTVtracker-auifrujbgdiqkhgcfpbzpgmswssj/Build/Products/Debug-iphoneos -emit-localized-strings -emit-localized-strings-path /Users/jasonsmith/Library/Developer/Xcode/DerivedData/WatchGuide-MovieandTVtracker-auifrujbgdiqkhgcfpbzpgmswssj/Build/Intermediates.noindex/WatchGuide-MovieandTVtracker.build/Debug-iphoneos/WatchGuide-MovieandTVtracker.build/Objects-normal/arm64 -c -j8 -enable-batch-mode -incremental -Xcc -ivfsstatcache -Xcc /Users/jasonsmith/Library/Developer/Xcode/DerivedData/SDKStatCaches.noindex/iphoneos26.2-23C57-3794476bd08197c3e2abd9bb477ef7f7.sdkstatcache -output-file-map /Users/jasonsmith/Library/Developer/Xcode/DerivedData/WatchGuide-MovieandTVtracker-auifrujbgdiqkhgcfpbzpgmswssj/Build/Intermediates.noindex/WatchGuide-MovieandTVtracker.build/Debug-iphoneos/WatchGuide-MovieandTVtracker.build/Objects-normal/arm64/WatchGuide-MovieandTVtracker-OutputFileMap.json -use-frontend-parseable-output -save-temps -no-color-diagnostics -explicit-module-build -module-cache-path /Users/jasonsmith/Library/Developer/Xcode/DerivedData/WatchGuide-MovieandTVtracker-auifrujbgdiqkhgcfpbzpgmswssj/Build/Intermediates.noindex/SwiftExplicitPrecompiledModules -clang-scanner-module-cache-path /Users/jasonsmith/Library/Developer/Xcode/DerivedData/ModuleCache.noindex -sdk-module-cache-path /Users/jasonsmith/Library/Developer/Xcode/DerivedData/ModuleCache.noindex -serialize-diagnostics -emit-dependencies -emit-module -emit-module-path /Users/jasonsmith/Library/Developer/Xcode/DerivedData/WatchGuide-MovieandTVtracker-auifrujbgdiqkhgcfpbzpgmswssj/Build/Intermediates.noindex/WatchGuide-MovieandTVtracker.build/Debug-iphoneos/WatchGuide-MovieandTVtracker.build/Objects-normal/arm64/WatchGuide_MovieandTVtracker.swiftmodule -validate-clang-modules-once -clang-build-session-file /Users/jasonsmith/Library/Developer/Xcode/DerivedData/ModuleCache.noindex/Session.modulevalidation -Xcc -I/Users/jasonsmith/Library/Developer/Xcode/DerivedData/WatchGuide-MovieandTVtracker-auifrujbgdiqkhgcfpbzpgmswssj/Build/Intermediates.noindex/WatchGuide-MovieandTVtracker.build/Debug-iphoneos/WatchGuide-MovieandTVtracker.build/swift-overrides.hmap -emit-const-values -Xfrontend -const-gather-protocols-file -Xfrontend /Users/jasonsmith/Library/Developer/Xcode/DerivedData/WatchGuide-MovieandTVtracker-auifrujbgdiqkhgcfpbzpgmswssj/Build/Intermediates.noindex/WatchGuide-MovieandTVtracker.build/Debug-iphoneos/WatchGuide-MovieandTVtracker.build/Objects-normal/arm64/WatchGuide-MovieandTVtracker_const_extract_protocols.json -Xcc -iquote -Xcc /Users/jasonsmith/Library/Developer/Xcode/DerivedData/WatchGuide-MovieandTVtracker-auifrujbgdiqkhgcfpbzpgmswssj/Build/Intermediates.noindex/WatchGuide-MovieandTVtracker.build/Debug-iphoneos/WatchGuide-MovieandTVtracker.build/WatchGuide-MovieandTVtracker-generated-files.hmap -Xcc -I/Users/jasonsmith/Library/Developer/Xcode/DerivedData/WatchGuide-MovieandTVtracker-auifrujbgdiqkhgcfpbzpgmswssj/Build/Intermediates.noindex/WatchGuide-MovieandTVtracker.build/Debug-iphoneos/WatchGuide-MovieandTVtracker.build/WatchGuide-MovieandTVtracker-own-target-headers.hmap -Xcc -I/Users/jasonsmith/Library/Developer/Xcode/DerivedData/WatchGuide-MovieandTVtracker-auifrujbgdiqkhgcfpbzpgmswssj/Build/Intermediates.noindex/WatchGuide-MovieandTVtracker.build/Debug-iphoneos/WatchGuide-MovieandTVtracker.build/WatchGuide-MovieandTVtracker-all-non-framework-target-headers.hmap -Xcc -ivfsoverlay -Xcc /Users/jasonsmith/Library/Developer/Xcode/DerivedData/WatchGuide-MovieandTVtracker-auifrujbgdiqkhgcfpbzpgmswssj/Build/Intermediates.noindex/WatchGuide-MovieandTVtracker.build/Debug-iphoneos/WatchGuide-MovieandTVtracker-7ed0cdb4d06faf7b250a10fab486dc31-VFS-iphoneos/all-product-headers.yaml -Xcc -iquote -Xcc /Users/jasonsmith/Library/Developer/Xcode/DerivedData/WatchGuide-MovieandTVtracker-auifrujbgdiqkhgcfpbzpgmswssj/Build/Intermediates.noindex/WatchGuide-MovieandTVtracker.build/Debug-iphoneos/WatchGuide-MovieandTVtracker.build/WatchGuide-MovieandTVtracker-project-headers.hmap -Xcc -I/Users/jasonsmith/Library/Developer/Xcode/DerivedData/WatchGuide-MovieandTVtracker-auifrujbgdiqkhgcfpbzpgmswssj/Build/Products/Debug-iphoneos/include -Xcc -I/Users/jasonsmith/Library/Developer/Xcode/DerivedData/WatchGuide-MovieandTVtracker-auifrujbgdiqkhgcfpbzpgmswssj/Build/Intermediates.noindex/WatchGuide-MovieandTVtracker.build/Debug-iphoneos/WatchGuide-MovieandTVtracker.build/DerivedSources-normal/arm64 -Xcc -I/Users/jasonsmith/Library/Developer/Xcode/DerivedData/WatchGuide-MovieandTVtracker-auifrujbgdiqkhgcfpbzpgmswssj/Build/Intermediates.noindex/WatchGuide-MovieandTVtracker.build/Debug-iphoneos/WatchGuide-MovieandTVtracker.build/DerivedSources/arm64 -Xcc -I/Users/jasonsmith/Library/Developer/Xcode/DerivedData/WatchGuide-MovieandTVtracker-auifrujbgdiqkhgcfpbzpgmswssj/Build/Intermediates.noindex/WatchGuide-MovieandTVtracker.build/Debug-iphoneos/WatchGuide-MovieandTVtracker.build/DerivedSources -Xcc -DDEBUG\=1 -emit-objc-header -emit-objc-header-path /Users/jasonsmith/Library/Developer/Xcode/DerivedData/WatchGuide-MovieandTVtracker-auifrujbgdiqkhgcfpbzpgmswssj/Build/Intermediates.noindex/WatchGuide-MovieandTVtracker.build/Debug-iphoneos/WatchGuide-MovieandTVtracker.build/Objects-normal/arm64/WatchGuide_MovieandTVtracker-Swift.h -import-objc-header /Volumes/Dev/com.neelmakhecha.milq/UserProjects/WatchGuide-MovieandTVtracker/WatchGuide-MovieandTVtracker/Support/WatchGuide-MovieandTVtracker-Bridging-Header.h -working-directory /Volumes/Dev/com.neelmakhecha.milq/UserProjects/WatchGuide-MovieandTVtracker -experimental-emit-module-separately -disable-cmo

Ld /Users/jasonsmith/Library/Developer/Xcode/DerivedData/WatchGuide-MovieandTVtracker-auifrujbgdiqkhgcfpbzpgmswssj/Build/Products/Debug-iphoneos/WatchGuide-MovieandTVtracker.app/WatchGuide-MovieandTVtracker.debug.dylib normal (in target 'WatchGuide-MovieandTVtracker' from project 'WatchGuide-MovieandTVtracker')
    cd /Volumes/Dev/com.neelmakhecha.milq/UserProjects/WatchGuide-MovieandTVtracker
    /Applications/Xcode.app/Contents/Developer/Toolchains/XcodeDefault.xctoolchain/usr/bin/clang -Xlinker -reproducible -target arm64-apple-ios26.0 -dynamiclib -isysroot /Applications/Xcode.app/Contents/Developer/Platforms/iPhoneOS.platform/Developer/SDKs/iPhoneOS26.2.sdk -O0 -L/Users/jasonsmith/Library/Developer/Xcode/DerivedData/WatchGuide-MovieandTVtracker-auifrujbgdiqkhgcfpbzpgmswssj/Build/Intermediates.noindex/EagerLinkingTBDs/Debug-iphoneos -L/Users/jasonsmith/Library/Developer/Xcode/DerivedData/WatchGuide-MovieandTVtracker-auifrujbgdiqkhgcfpbzpgmswssj/Build/Products/Debug-iphoneos -F/Users/jasonsmith/Library/Developer/Xcode/DerivedData/WatchGuide-MovieandTVtracker-auifrujbgdiqkhgcfpbzpgmswssj/Build/Intermediates.noindex/EagerLinkingTBDs/Debug-iphoneos -F/Users/jasonsmith/Library/Developer/Xcode/DerivedData/WatchGuide-MovieandTVtracker-auifrujbgdiqkhgcfpbzpgmswssj/Build/Products/Debug-iphoneos/PackageFrameworks -F/Users/jasonsmith/Library/Developer/Xcode/DerivedData/WatchGuide-MovieandTVtracker-auifrujbgdiqkhgcfpbzpgmswssj/Build/Products/Debug-iphoneos -filelist /Users/jasonsmith/Library/Developer/Xcode/DerivedData/WatchGuide-MovieandTVtracker-auifrujbgdiqkhgcfpbzpgmswssj/Build/Intermediates.noindex/WatchGuide-MovieandTVtracker.build/Debug-iphoneos/WatchGuide-MovieandTVtracker.build/Objects-normal/arm64/WatchGuide-MovieandTVtracker.LinkFileList -install_name @rpath/WatchGuide-MovieandTVtracker.debug.dylib -Xlinker -rpath -Xlinker /Users/jasonsmith/Library/Developer/Xcode/DerivedData/WatchGuide-MovieandTVtracker-auifrujbgdiqkhgcfpbzpgmswssj/Build/Products/Debug-iphoneos/PackageFrameworks -Xlinker -rpath -Xlinker @executable_path/Frameworks -dead_strip -Xlinker -object_path_lto -Xlinker /Users/jasonsmith/Library/Developer/Xcode/DerivedData/WatchGuide-MovieandTVtracker-auifrujbgdiqkhgcfpbzpgmswssj/Build/Intermediates.noindex/WatchGuide-MovieandTVtracker.build/Debug-iphoneos/WatchGuide-MovieandTVtracker.build/Objects-normal/arm64/WatchGuide-MovieandTVtracker_lto.o -rdynamic -Xlinker -no_deduplicate -Xlinker -dependency_info -Xlinker /Users/jasonsmith/Library/Developer/Xcode/DerivedData/WatchGuide-MovieandTVtracker-auifrujbgdiqkhgcfpbzpgmswssj/Build/Intermediates.noindex/WatchGuide-MovieandTVtracker.build/Debug-iphoneos/WatchGuide-MovieandTVtracker.build/Objects-normal/arm64/WatchGuide-MovieandTVtracker_dependency_info.dat -fobjc-arc -fobjc-link-runtime -L/Applications/Xcode.app/Contents/Developer/Toolchains/XcodeDefault.xctoolchain/usr/lib/swift/iphoneos -L/usr/lib/swift -Xlinker -add_ast_path -Xlinker /Users/jasonsmith/Library/Developer/Xcode/DerivedData/WatchGuide-MovieandTVtracker-auifrujbgdiqkhgcfpbzpgmswssj/Build/Intermediates.noindex/WatchGuide-MovieandTVtracker.build/Debug-iphoneos/WatchGuide-MovieandTVtracker.build/Objects-normal/arm64/WatchGuide_MovieandTVtracker.swiftmodule @/Users/jasonsmith/Library/Developer/Xcode/DerivedData/WatchGuide-MovieandTVtracker-auifrujbgdiqkhgcfpbzpgmswssj/Build/Intermediates.noindex/WatchGuide-MovieandTVtracker.build/Debug-iphoneos/WatchGuide-MovieandTVtracker.build/Objects-normal/arm64/WatchGuide_MovieandTVtracker-linker-args.resp -Wl,-no_warn_duplicate_libraries -weak_framework FoundationModels -weak_framework ImagePlayground -Xlinker -alias -Xlinker _main -Xlinker ___debug_main_executable_dylib_entry_point -Xlinker -no_adhoc_codesign -o /Users/jasonsmith/Library/Developer/Xcode/DerivedData/WatchGuide-MovieandTVtracker-auifrujbgdiqkhgcfpbzpgmswssj/Build/Products/Debug-iphoneos/WatchGuide-MovieandTVtracker.app/WatchGuide-MovieandTVtracker.debug.dylib -Xlinker -add_ast_path -Xlinker /Users/jasonsmith/Library/Developer/Xcode/DerivedData/WatchGuide-MovieandTVtracker-auifrujbgdiqkhgcfpbzpgmswssj/Build/Intermediates.noindex/YouTubePlayerKit.build/Debug-iphoneos/YouTubePlayerKit.build/Objects-normal/arm64/YouTubePlayerKit.swiftmodule @/Users/jasonsmith/Library/Developer/Xcode/DerivedData/WatchGuide-MovieandTVtracker-auifrujbgdiqkhgcfpbzpgmswssj/Build/Intermediates.noindex/YouTubePlayerKit.build/Debug-iphoneos/YouTubePlayerKit.build/Objects-normal/arm64/YouTubePlayerKit-linker-args.resp

ConstructStubExecutorLinkFileList /Users/jasonsmith/Library/Developer/Xcode/DerivedData/WatchGuide-MovieandTVtracker-auifrujbgdiqkhgcfpbzpgmswssj/Build/Intermediates.noindex/WatchGuide-MovieandTVtracker.build/Debug-iphoneos/WatchGuide-MovieandTVtracker.build/WatchGuide-MovieandTVtracker-ExecutorLinkFileList-normal-arm64.txt (in target 'WatchGuide-MovieandTVtracker' from project 'WatchGuide-MovieandTVtracker')
    cd /Volumes/Dev/com.neelmakhecha.milq/UserProjects/WatchGuide-MovieandTVtracker
    construct-stub-executor-link-file-list /Users/jasonsmith/Library/Developer/Xcode/DerivedData/WatchGuide-MovieandTVtracker-auifrujbgdiqkhgcfpbzpgmswssj/Build/Products/Debug-iphoneos/WatchGuide-MovieandTVtracker.app/WatchGuide-MovieandTVtracker.debug.dylib /Applications/Xcode.app/Contents/Developer/Platforms/iPhoneOS.platform/Developer/usr/lib/libPreviewsJITStubExecutor_no_swift_entry_point.a /Applications/Xcode.app/Contents/Developer/Platforms/iPhoneOS.platform/Developer/usr/lib/libPreviewsJITStubExecutor.a --output /Users/jasonsmith/Library/Developer/Xcode/DerivedData/WatchGuide-MovieandTVtracker-auifrujbgdiqkhgcfpbzpgmswssj/Build/Intermediates.noindex/WatchGuide-MovieandTVtracker.build/Debug-iphoneos/WatchGuide-MovieandTVtracker.build/WatchGuide-MovieandTVtracker-ExecutorLinkFileList-normal-arm64.txt
note: Using stub executor library with Swift entry point. (in target 'WatchGuide-MovieandTVtracker' from project 'WatchGuide-MovieandTVtracker')

Ld /Users/jasonsmith/Library/Developer/Xcode/DerivedData/WatchGuide-MovieandTVtracker-auifrujbgdiqkhgcfpbzpgmswssj/Build/Products/Debug-iphoneos/WatchGuide-MovieandTVtracker.app/WatchGuide-MovieandTVtracker normal (in target 'WatchGuide-MovieandTVtracker' from project 'WatchGuide-MovieandTVtracker')
    cd /Volumes/Dev/com.neelmakhecha.milq/UserProjects/WatchGuide-MovieandTVtracker
    /Applications/Xcode.app/Contents/Developer/Toolchains/XcodeDefault.xctoolchain/usr/bin/clang -Xlinker -reproducible -target arm64-apple-ios26.0 -isysroot /Applications/Xcode.app/Contents/Developer/Platforms/iPhoneOS.platform/Developer/SDKs/iPhoneOS26.2.sdk -O0 -L/Users/jasonsmith/Library/Developer/Xcode/DerivedData/WatchGuide-MovieandTVtracker-auifrujbgdiqkhgcfpbzpgmswssj/Build/Products/Debug-iphoneos -F/Users/jasonsmith/Library/Developer/Xcode/DerivedData/WatchGuide-MovieandTVtracker-auifrujbgdiqkhgcfpbzpgmswssj/Build/Products/Debug-iphoneos/PackageFrameworks -F/Users/jasonsmith/Library/Developer/Xcode/DerivedData/WatchGuide-MovieandTVtracker-auifrujbgdiqkhgcfpbzpgmswssj/Build/Products/Debug-iphoneos -Xlinker -rpath -Xlinker @executable_path -Xlinker -rpath -Xlinker /Users/jasonsmith/Library/Developer/Xcode/DerivedData/WatchGuide-MovieandTVtracker-auifrujbgdiqkhgcfpbzpgmswssj/Build/Products/Debug-iphoneos/PackageFrameworks -Xlinker -rpath -Xlinker @executable_path/Frameworks -rdynamic -Xlinker -no_deduplicate -e ___debug_blank_executor_main -Xlinker -sectcreate -Xlinker __TEXT -Xlinker __debug_dylib -Xlinker /Users/jasonsmith/Library/Developer/Xcode/DerivedData/WatchGuide-MovieandTVtracker-auifrujbgdiqkhgcfpbzpgmswssj/Build/Intermediates.noindex/WatchGuide-MovieandTVtracker.build/Debug-iphoneos/WatchGuide-MovieandTVtracker.build/WatchGuide-MovieandTVtracker-DebugDylibPath-normal-arm64.txt -Xlinker -sectcreate -Xlinker __TEXT -Xlinker __debug_instlnm -Xlinker /Users/jasonsmith/Library/Developer/Xcode/DerivedData/WatchGuide-MovieandTVtracker-auifrujbgdiqkhgcfpbzpgmswssj/Build/Intermediates.noindex/WatchGuide-MovieandTVtracker.build/Debug-iphoneos/WatchGuide-MovieandTVtracker.build/WatchGuide-MovieandTVtracker-DebugDylibInstallName-normal-arm64.txt -Xlinker -filelist -Xlinker /Users/jasonsmith/Library/Developer/Xcode/DerivedData/WatchGuide-MovieandTVtracker-auifrujbgdiqkhgcfpbzpgmswssj/Build/Intermediates.noindex/WatchGuide-MovieandTVtracker.build/Debug-iphoneos/WatchGuide-MovieandTVtracker.build/WatchGuide-MovieandTVtracker-ExecutorLinkFileList-normal-arm64.txt /Users/jasonsmith/Library/Developer/Xcode/DerivedData/WatchGuide-MovieandTVtracker-auifrujbgdiqkhgcfpbzpgmswssj/Build/Products/Debug-iphoneos/WatchGuide-MovieandTVtracker.app/WatchGuide-MovieandTVtracker.debug.dylib -Xlinker -no_adhoc_codesign -o /Users/jasonsmith/Library/Developer/Xcode/DerivedData/WatchGuide-MovieandTVtracker-auifrujbgdiqkhgcfpbzpgmswssj/Build/Products/Debug-iphoneos/WatchGuide-MovieandTVtracker.app/WatchGuide-MovieandTVtracker

Copy /Users/jasonsmith/Library/Developer/Xcode/DerivedData/WatchGuide-MovieandTVtracker-auifrujbgdiqkhgcfpbzpgmswssj/Build/Products/Debug-iphoneos/WatchGuide-MovieandTVtracker.app/PlugIns/WatchGuide-MovieandTVtrackerWidgetExtension.appex /Users/jasonsmith/Library/Developer/Xcode/DerivedData/WatchGuide-MovieandTVtracker-auifrujbgdiqkhgcfpbzpgmswssj/Build/Products/Debug-iphoneos/WatchGuide-MovieandTVtrackerWidgetExtension.appex (in target 'WatchGuide-MovieandTVtracker' from project 'WatchGuide-MovieandTVtracker')
    cd /Volumes/Dev/com.neelmakhecha.milq/UserProjects/WatchGuide-MovieandTVtracker
    builtin-copy -exclude .DS_Store -exclude CVS -exclude .svn -exclude .git -exclude .hg -exclude Headers -exclude PrivateHeaders -exclude Modules -exclude \*.tbd -resolve-src-symlinks -remove-static-executable /Users/jasonsmith/Library/Developer/Xcode/DerivedData/WatchGuide-MovieandTVtracker-auifrujbgdiqkhgcfpbzpgmswssj/Build/Products/Debug-iphoneos/WatchGuide-MovieandTVtrackerWidgetExtension.appex /Users/jasonsmith/Library/Developer/Xcode/DerivedData/WatchGuide-MovieandTVtracker-auifrujbgdiqkhgcfpbzpgmswssj/Build/Products/Debug-iphoneos/WatchGuide-MovieandTVtracker.app/PlugIns

ProcessInfoPlistFile /Users/jasonsmith/Library/Developer/Xcode/DerivedData/WatchGuide-MovieandTVtracker-auifrujbgdiqkhgcfpbzpgmswssj/Build/Products/Debug-iphoneos/WatchGuide-MovieandTVtracker.app/Info.plist /Volumes/Dev/com.neelmakhecha.milq/UserProjects/WatchGuide-MovieandTVtracker/WatchGuide-MovieandTVtracker/Info.plist (in target 'WatchGuide-MovieandTVtracker' from project 'WatchGuide-MovieandTVtracker')
    cd /Volumes/Dev/com.neelmakhecha.milq/UserProjects/WatchGuide-MovieandTVtracker
    builtin-infoPlistUtility /Volumes/Dev/com.neelmakhecha.milq/UserProjects/WatchGuide-MovieandTVtracker/WatchGuide-MovieandTVtracker/Info.plist -producttype com.apple.product-type.application -genpkginfo /Users/jasonsmith/Library/Developer/Xcode/DerivedData/WatchGuide-MovieandTVtracker-auifrujbgdiqkhgcfpbzpgmswssj/Build/Products/Debug-iphoneos/WatchGuide-MovieandTVtracker.app/PkgInfo -expandbuildsettings -format binary -platform iphoneos -additionalcontentfile /Users/jasonsmith/Library/Developer/Xcode/DerivedData/WatchGuide-MovieandTVtracker-auifrujbgdiqkhgcfpbzpgmswssj/Build/Intermediates.noindex/WatchGuide-MovieandTVtracker.build/Debug-iphoneos/WatchGuide-MovieandTVtracker.build/assetcatalog_generated_info.plist -scanforprivacyfile /Users/jasonsmith/Library/Developer/Xcode/DerivedData/WatchGuide-MovieandTVtracker-auifrujbgdiqkhgcfpbzpgmswssj/Build/Products/Debug-iphoneos/WatchGuide-MovieandTVtracker.app/PlugIns/WatchGuide-MovieandTVtrackerWidgetExtension.appex -requiredArchitecture arm64 -o /Users/jasonsmith/Library/Developer/Xcode/DerivedData/WatchGuide-MovieandTVtracker-auifrujbgdiqkhgcfpbzpgmswssj/Build/Products/Debug-iphoneos/WatchGuide-MovieandTVtracker.app/Info.plist
warning: User supplied UIDeviceFamily key in the Info.plist will be overwritten. Please use the build setting TARGETED_DEVICE_FAMILY and remove UIDeviceFamily from your Info.plist. (in target 'WatchGuide-MovieandTVtracker' from project 'WatchGuide-MovieandTVtracker')

ExtractAppIntentsMetadata (in target 'WatchGuide-MovieandTVtracker' from project 'WatchGuide-MovieandTVtracker')
    cd /Volumes/Dev/com.neelmakhecha.milq/UserProjects/WatchGuide-MovieandTVtracker
    /Applications/Xcode.app/Contents/Developer/Toolchains/XcodeDefault.xctoolchain/usr/bin/appintentsmetadataprocessor --toolchain-dir /Applications/Xcode.app/Contents/Developer/Toolchains/XcodeDefault.xctoolchain --module-name WatchGuide_MovieandTVtracker --sdk-root /Applications/Xcode.app/Contents/Developer/Platforms/iPhoneOS.platform/Developer/SDKs/iPhoneOS26.2.sdk --xcode-version 17C529 --platform-family iOS --deployment-target 26.0 --bundle-identifier com.JasonSmith.WatchGuide-MovieandTVtracker --output /Users/jasonsmith/Library/Developer/Xcode/DerivedData/WatchGuide-MovieandTVtracker-auifrujbgdiqkhgcfpbzpgmswssj/Build/Products/Debug-iphoneos/WatchGuide-MovieandTVtracker.app --target-triple arm64-apple-ios26.0 --binary-file /Users/jasonsmith/Library/Developer/Xcode/DerivedData/WatchGuide-MovieandTVtracker-auifrujbgdiqkhgcfpbzpgmswssj/Build/Products/Debug-iphoneos/WatchGuide-MovieandTVtracker.app/WatchGuide-MovieandTVtracker --dependency-file /Users/jasonsmith/Library/Developer/Xcode/DerivedData/WatchGuide-MovieandTVtracker-auifrujbgdiqkhgcfpbzpgmswssj/Build/Intermediates.noindex/WatchGuide-MovieandTVtracker.build/Debug-iphoneos/WatchGuide-MovieandTVtracker.build/Objects-normal/arm64/WatchGuide-MovieandTVtracker_dependency_info.dat --stringsdata-file /Users/jasonsmith/Library/Developer/Xcode/DerivedData/WatchGuide-MovieandTVtracker-auifrujbgdiqkhgcfpbzpgmswssj/Build/Intermediates.noindex/WatchGuide-MovieandTVtracker.build/Debug-iphoneos/WatchGuide-MovieandTVtracker.build/Objects-normal/arm64/ExtractedAppShortcutsMetadata.stringsdata --source-file-list /Users/jasonsmith/Library/Developer/Xcode/DerivedData/WatchGuide-MovieandTVtracker-auifrujbgdiqkhgcfpbzpgmswssj/Build/Intermediates.noindex/WatchGuide-MovieandTVtracker.build/Debug-iphoneos/WatchGuide-MovieandTVtracker.build/Objects-normal/arm64/WatchGuide-MovieandTVtracker.SwiftFileList --metadata-file-list /Users/jasonsmith/Library/Developer/Xcode/DerivedData/WatchGuide-MovieandTVtracker-auifrujbgdiqkhgcfpbzpgmswssj/Build/Intermediates.noindex/WatchGuide-MovieandTVtracker.build/Debug-iphoneos/WatchGuide-MovieandTVtracker.build/WatchGuide-MovieandTVtracker.DependencyMetadataFileList --static-metadata-file-list /Users/jasonsmith/Library/Developer/Xcode/DerivedData/WatchGuide-MovieandTVtracker-auifrujbgdiqkhgcfpbzpgmswssj/Build/Intermediates.noindex/WatchGuide-MovieandTVtracker.build/Debug-iphoneos/WatchGuide-MovieandTVtracker.build/WatchGuide-MovieandTVtracker.DependencyStaticMetadataFileList --swift-const-vals-list /Users/jasonsmith/Library/Developer/Xcode/DerivedData/WatchGuide-MovieandTVtracker-auifrujbgdiqkhgcfpbzpgmswssj/Build/Intermediates.noindex/WatchGuide-MovieandTVtracker.build/Debug-iphoneos/WatchGuide-MovieandTVtracker.build/Objects-normal/arm64/WatchGuide-MovieandTVtracker.SwiftConstValuesFileList --compile-time-extraction --deployment-aware-processing --validate-assistant-intents --no-app-shortcuts-localization
2026-04-22 13:44:13.203 appintentsmetadataprocessor[6633:99832] Starting appintentsmetadataprocessor export
2026-04-22 13:44:13.341 appintentsmetadataprocessor[6633:99832] Writing Metadata.appintents
2026-04-22 13:44:13.341 appintentsmetadataprocessor[6633:99832] Metadata root: /Users/jasonsmith/Library/Developer/Xcode/DerivedData/WatchGuide-MovieandTVtracker-auifrujbgdiqkhgcfpbzpgmswssj/Build/Products/Debug-iphoneos/WatchGuide-MovieandTVtracker.app/Metadata.appintents

CopySwiftLibs /Users/jasonsmith/Library/Developer/Xcode/DerivedData/WatchGuide-MovieandTVtracker-auifrujbgdiqkhgcfpbzpgmswssj/Build/Products/Debug-iphoneos/WatchGuide-MovieandTVtracker.app (in target 'WatchGuide-MovieandTVtracker' from project 'WatchGuide-MovieandTVtracker')
    cd /Volumes/Dev/com.neelmakhecha.milq/UserProjects/WatchGuide-MovieandTVtracker
    builtin-swiftStdLibTool --copy --verbose --sign 12E522C7756C0C4C88BC938FCEB568FF6501364B --scan-executable /Users/jasonsmith/Library/Developer/Xcode/DerivedData/WatchGuide-MovieandTVtracker-auifrujbgdiqkhgcfpbzpgmswssj/Build/Products/Debug-iphoneos/WatchGuide-MovieandTVtracker.app/WatchGuide-MovieandTVtracker.debug.dylib --scan-folder /Users/jasonsmith/Library/Developer/Xcode/DerivedData/WatchGuide-MovieandTVtracker-auifrujbgdiqkhgcfpbzpgmswssj/Build/Products/Debug-iphoneos/WatchGuide-MovieandTVtracker.app/Frameworks --scan-folder /Users/jasonsmith/Library/Developer/Xcode/DerivedData/WatchGuide-MovieandTVtracker-auifrujbgdiqkhgcfpbzpgmswssj/Build/Products/Debug-iphoneos/WatchGuide-MovieandTVtracker.app/PlugIns --scan-folder /Users/jasonsmith/Library/Developer/Xcode/DerivedData/WatchGuide-MovieandTVtracker-auifrujbgdiqkhgcfpbzpgmswssj/Build/Products/Debug-iphoneos/WatchGuide-MovieandTVtracker.app/SystemExtensions --scan-folder /Users/jasonsmith/Library/Developer/Xcode/DerivedData/WatchGuide-MovieandTVtracker-auifrujbgdiqkhgcfpbzpgmswssj/Build/Products/Debug-iphoneos/WatchGuide-MovieandTVtracker.app/Extensions --platform iphoneos --toolchain /Applications/Xcode.app/Contents/Developer/Toolchains/XcodeDefault.xctoolchain --destination /Users/jasonsmith/Library/Developer/Xcode/DerivedData/WatchGuide-MovieandTVtracker-auifrujbgdiqkhgcfpbzpgmswssj/Build/Products/Debug-iphoneos/WatchGuide-MovieandTVtracker.app/Frameworks --strip-bitcode --strip-bitcode-tool /Applications/Xcode.app/Contents/Developer/Toolchains/XcodeDefault.xctoolchain/usr/bin/bitcode_strip --emit-dependency-info /Users/jasonsmith/Library/Developer/Xcode/DerivedData/WatchGuide-MovieandTVtracker-auifrujbgdiqkhgcfpbzpgmswssj/Build/Intermediates.noindex/WatchGuide-MovieandTVtracker.build/Debug-iphoneos/WatchGuide-MovieandTVtracker.build/SwiftStdLibToolInputDependencies.dep --filter-for-swift-os

CodeSign /Users/jasonsmith/Library/Developer/Xcode/DerivedData/WatchGuide-MovieandTVtracker-auifrujbgdiqkhgcfpbzpgmswssj/Build/Products/Debug-iphoneos/WatchGuide-MovieandTVtracker.app/WatchGuide-MovieandTVtracker.debug.dylib (in target 'WatchGuide-MovieandTVtracker' from project 'WatchGuide-MovieandTVtracker')
    cd /Volumes/Dev/com.neelmakhecha.milq/UserProjects/WatchGuide-MovieandTVtracker
    
    Signing Identity:     "Apple Development: Jason Smith (263QU8FV3B)"
    Provisioning Profile: "iOS Team Provisioning Profile: com.JasonSmith.WatchGuide-MovieandTVtracker"
                          (790a0d5e-3939-4aa7-a365-4251e7411f4a)
    
    /usr/bin/codesign --force --sign 12E522C7756C0C4C88BC938FCEB568FF6501364B -o runtime --timestamp\=none --generate-entitlement-der /Users/jasonsmith/Library/Developer/Xcode/DerivedData/WatchGuide-MovieandTVtracker-auifrujbgdiqkhgcfpbzpgmswssj/Build/Products/Debug-iphoneos/WatchGuide-MovieandTVtracker.app/WatchGuide-MovieandTVtracker.debug.dylib

CodeSign /Users/jasonsmith/Library/Developer/Xcode/DerivedData/WatchGuide-MovieandTVtracker-auifrujbgdiqkhgcfpbzpgmswssj/Build/Products/Debug-iphoneos/WatchGuide-MovieandTVtracker.app/__preview.dylib (in target 'WatchGuide-MovieandTVtracker' from project 'WatchGuide-MovieandTVtracker')
    cd /Volumes/Dev/com.neelmakhecha.milq/UserProjects/WatchGuide-MovieandTVtracker
    
    Signing Identity:     "Apple Development: Jason Smith (263QU8FV3B)"
    Provisioning Profile: "iOS Team Provisioning Profile: com.JasonSmith.WatchGuide-MovieandTVtracker"
                          (790a0d5e-3939-4aa7-a365-4251e7411f4a)
    
    /usr/bin/codesign --force --sign 12E522C7756C0C4C88BC938FCEB568FF6501364B -o runtime --timestamp\=none --generate-entitlement-der /Users/jasonsmith/Library/Developer/Xcode/DerivedData/WatchGuide-MovieandTVtracker-auifrujbgdiqkhgcfpbzpgmswssj/Build/Products/Debug-iphoneos/WatchGuide-MovieandTVtracker.app/__preview.dylib
/Users/jasonsmith/Library/Developer/Xcode/DerivedData/WatchGuide-MovieandTVtracker-auifrujbgdiqkhgcfpbzpgmswssj/Build/Products/Debug-iphoneos/WatchGuide-MovieandTVtracker.app/__preview.dylib: replacing existing signature

CodeSign /Users/jasonsmith/Library/Developer/Xcode/DerivedData/WatchGuide-MovieandTVtracker-auifrujbgdiqkhgcfpbzpgmswssj/Build/Products/Debug-iphoneos/WatchGuide-MovieandTVtracker.app (in target 'WatchGuide-MovieandTVtracker' from project 'WatchGuide-MovieandTVtracker')
    cd /Volumes/Dev/com.neelmakhecha.milq/UserProjects/WatchGuide-MovieandTVtracker
    
    Signing Identity:     "Apple Development: Jason Smith (263QU8FV3B)"
    Provisioning Profile: "iOS Team Provisioning Profile: com.JasonSmith.WatchGuide-MovieandTVtracker"
                          (790a0d5e-3939-4aa7-a365-4251e7411f4a)
    
    /usr/bin/codesign --force --sign 12E522C7756C0C4C88BC938FCEB568FF6501364B -o runtime --entitlements /Users/jasonsmith/Library/Developer/Xcode/DerivedData/WatchGuide-MovieandTVtracker-auifrujbgdiqkhgcfpbzpgmswssj/Build/Intermediates.noindex/WatchGuide-MovieandTVtracker.build/Debug-iphoneos/WatchGuide-MovieandTVtracker.build/WatchGuide-MovieandTVtracker.app.xcent --timestamp\=none --generate-entitlement-der /Users/jasonsmith/Library/Developer/Xcode/DerivedData/WatchGuide-MovieandTVtracker-auifrujbgdiqkhgcfpbzpgmswssj/Build/Products/Debug-iphoneos/WatchGuide-MovieandTVtracker.app

ValidateEmbeddedBinary /Users/jasonsmith/Library/Developer/Xcode/DerivedData/WatchGuide-MovieandTVtracker-auifrujbgdiqkhgcfpbzpgmswssj/Build/Products/Debug-iphoneos/WatchGuide-MovieandTVtracker.app/PlugIns/WatchGuide-MovieandTVtrackerWidgetExtension.appex (in target 'WatchGuide-MovieandTVtracker' from project 'WatchGuide-MovieandTVtracker')
    cd /Volumes/Dev/com.neelmakhecha.milq/UserProjects/WatchGuide-MovieandTVtracker
    /Applications/Xcode.app/Contents/Developer/usr/bin/embeddedBinaryValidationUtility /Users/jasonsmith/Library/Developer/Xcode/DerivedData/WatchGuide-MovieandTVtracker-auifrujbgdiqkhgcfpbzpgmswssj/Build/Products/Debug-iphoneos/WatchGuide-MovieandTVtracker.app/PlugIns/WatchGuide-MovieandTVtrackerWidgetExtension.appex -signing-cert 12E522C7756C0C4C88BC938FCEB568FF6501364B -info-plist-path /Users/jasonsmith/Library/Developer/Xcode/DerivedData/WatchGuide-MovieandTVtracker-auifrujbgdiqkhgcfpbzpgmswssj/Build/Products/Debug-iphoneos/WatchGuide-MovieandTVtracker.app/Info.plist
warning: The CFBundleVersion of an app extension ('4') must match that of its containing parent app ('5').

Validate /Users/jasonsmith/Library/Developer/Xcode/DerivedData/WatchGuide-MovieandTVtracker-auifrujbgdiqkhgcfpbzpgmswssj/Build/Products/Debug-iphoneos/WatchGuide-MovieandTVtracker.app (in target 'WatchGuide-MovieandTVtracker' from project 'WatchGuide-MovieandTVtracker')
    cd /Volumes/Dev/com.neelmakhecha.milq/UserProjects/WatchGuide-MovieandTVtracker
    builtin-validationUtility /Users/jasonsmith/Library/Developer/Xcode/DerivedData/WatchGuide-MovieandTVtracker-auifrujbgdiqkhgcfpbzpgmswssj/Build/Products/Debug-iphoneos/WatchGuide-MovieandTVtracker.app -shallow-bundle -infoplist-subpath Info.plist

** BUILD SUCCEEDED **

